src/lib/prisma.ts(28,34): error TS2345: Argument of type 'Pool' is not assignable to parameter of type 'string | PoolConfig'.
